// Jest Snapshot v1, https://goo.gl/fbAQLP

exports[`<PayPalMessages /> should throw an error when namespace is undefined 1`] = `
"Unable to render <PayPalMessages /> because window.paypal.Messages is undefined.
To fix the issue, add 'messages' to the list of components passed to the parent PayPalScriptProvider:
\`<PayPalScriptProvider options={{ components: 'messages'}}>\`."
`;

exports[`<PayPalMessages /> should throw an error when the 'messages' function is not available in the namespace 1`] = `"Unable to render <PayPalMessages /> because window.paypal.Messages is undefined."`;

exports[`<PayPalMessages /> should throw an error when the render process fails and the container is in the DOM 1`] = `"Failed to render <PayPalMessages /> component. undefined"`;
